// Jest Snapshot v1, https://goo.gl/fbAQLP

exports[`Renders without error 1`] = `
<div
  class="container"
>
  <div
    class="columns is-centered"
  >
    <div
      class="section"
    >
      <div
        class="title"
      >
        Kirjautuminen (Luma-Varaukset)
      </div>
      <form>
        <div
          class="field"
        >
          <label
            class="label"
            for="username"
          >
            Käyttäjätunnus
          </label>
          <div
            class="control"
          >
            <input
              autocomplete="username"
              class="input undefined"
              id="username"
              name="username"
              type="input"
              value=""
            />
          </div>
        </div>
        <div
          class="field"
          style="width: 500px;"
        >
          <label
            class="label"
            for="password"
          >
            Salasana
          </label>
          <div
            class="control"
          >
            <input
              autocomplete="current-password"
              class="input undefined"
              id="password"
              name="password"
              type="password"
              value=""
            />
          </div>
        </div>
        <div
          class="field is-grouped"
        >
          <div
            class="control"
          >
            <button
              class="button luma primary"
              id="login"
              type="submit"
            >
              Kirjaudu sisään
            </button>
          </div>
          <div
            class="control"
          >
            <button
              class="button luma"
            >
              Poistu
            </button>
          </div>
        </div>
      </form>
    </div>
  </div>
</div>
`;
